openapi: 3.1.0
info:
  version: 1.0.0
  title: Imaginary town
servers:
  - url: 'https://example.com'
paths:
  /buildings:
    get:
      summary: All buildings
      operationId: buildingsAll
      responses:
        '200':
          content:
            application/json:
              schema:
                type: object
                properties:
                  message:
                    type: string
