openapi: "3.1.0"
info:
  version: 1.0.0
  title: Imaginary town
servers:
  - url: https://example.com
    description: Example server
paths:
  '/buildings':
    get:
	  summary: "All of the available buildings"
      operationId: buildingsAll
	  description: "This is the summary of getting the buildings"

      responses:
        '200':
          description: Return all known buildings
          content:
            application/json:
              schema:
                type: object
                properties: 
                  message:
                    type: string
                    example: "house"

